e74dbf28ebab4e1b7442a9c78067d1c2  output/res/drawable-hdpi-v4/ic_launcher_logo.png
e74dbf28ebab4e1b7442a9c78067d1c2  output/res/drawable-hdpi-v4/ic_launcher.png
94f5591633218c0b469b65947fd8943b  output/res/drawable-xhdpi-v4/ic_launcher_logo.png
94f5591633218c0b469b65947fd8943b  output/res/drawable-xhdpi-v4/ic_launcher.png
dd7e82de510241b1c68544c1139e54a9  output/res/layout/main.xml
acefc1f320111a8d71bcdb8b4aa0656c  output/res/drawable-mdpi-v4/ic_launcher_logo.png
acefc1f320111a8d71bcdb8b4aa0656c  output/res/drawable-mdpi-v4/ic_launcher.png
58b9a42eeb99fad5321208fe02f24375  output/res/drawable-ldpi-v4/ic_launcher_logo.png
58b9a42eeb99fad5321208fe02f24375  output/res/drawable-ldpi-v4/ic_launcher.png
f8350dc778cf2b34616ca38920356a56  output/res/values/strings.xml
ab2b91021ecd5c766dc9a8f54b3ff925  output/res/values/public.xml
7bc52ece5249ccd2d72c4360f9be2ca5  output/classes.dex
2e9ee4a9c6e794f43ffc0906d13880d1  output/smali/com/example/app/ExampleBrodcastReceiver4.smali
a97104d5fe42e4fec8a9ffd00129cfcb  output/smali/com/example/app/ExampleBrodcastReceiver2.smali
3be1ecc609eb4842253005aed02710a8  output/smali/com/example/app/OtherActivity.smali
29aeb44f31cc3151f41a5e3bf07ce8c2  output/smali/com/example/app/ExampleService2.smali
12064c27303a9c5c041a4e4736b0dac8  output/smali/com/example/app/ExampleBrodcastReceiver3.smali
be5881bd04517a3d1ab27cf5d77670cc  output/smali/com/example/app/ExampleBrodcastReceiver.smali
ddddc2fded0c1b89198d637656d4fcc5  output/smali/com/example/app/ExampleService.smali
2b5ee1d30a078b0f9d78ea97fa56ea46  output/smali/com/example/app/HomeActivity.smali
c19fc8d7fd8629a09dcd57da86ebc926  output/smali/com/example/app/ExampleService3.smali
860e19fa47d37d9510f1245c511a8578  output/CERT.RSA
25ada2132e42197adfaccd8293c8363a  output/report-Example.json
8f28855815c722e48dce1e406573f124  output/apktool.yml
e7f9f1e9b8c4e37ff831c47ee85bcb9e  output/AndroidManifest.xml
860e19fa47d37d9510f1245c511a8578  output/original/META-INF/CERT.RSA
6098a6409625f1c0d97cd33c13ad300c  output/original/META-INF/MANIFEST.MF
fb02917b68510e413a06e52873802bcd  output/original/META-INF/CERT.SF
1f97f7e7ca62f39f8f81d79b1b540c37  output/original/AndroidManifest.xml
